// Jest Snapshot v1, https://goo.gl/fbAQLP

exports[`Lock should render correctly 1`] = `
<DocumentFragment>
  <div
    class="lock__button-container"
  >
    <button
      class="btn af-btn af-btn--danger"
      icon="lock"
      id="lock-button"
    >
      <span
        class="af-btn__text"
      >
        Unlocked text
      </span>
      <i
        class="lock__button-icon glyphicon glyphicon-lock"
      />
    </button>
  </div>
</DocumentFragment>
`;
