// Jest Snapshot v1, https://goo.gl/fbAQLP

exports[`Check annotation tab behaviour Should insert dataset and update name 1`] = `
<DocumentFragment>
  <div
    class="file-loader__container"
  >
    <div
      class="file-loader__input"
    >
      <div
        class="af-form__file-input"
      >
        <div
          class="drop-box hidden-mobile"
          id="dataset_loader"
          tabindex="0"
        >
          <input
            accept="application/json"
            autocomplete="off"
            multiple=""
            name="placeDatasetFile"
            style="display: none;"
            tabindex="-1"
            type="file"
          />
          <div>
            Slide/Deposit files
          </div>
        </div>
        <button
          class="af-btn af-btn--file af-btn--hasIconLeft"
          type="button"
        >
          <i
            class="glyphicon glyphicon-open"
          />
           Browse
        </button>
      </div>
    </div>
    <div
      class="library__container"
    >
      <p
        class="library__title"
      >
        Files
      </p>
      <span>
        No file found.
      </span>
      <div
        class="library__files-list"
      />
    </div>
  </div>
</DocumentFragment>
`;
