// Jest Snapshot v1, https://goo.gl/fbAQLP

exports[`Check dataset handling Should insert dataset and select ocr and rotation annotation types 1`] = `
<DocumentFragment>
  <div
    class="af-header"
  >
    <div
      class="container af-header__wrapper"
    >
      <header
        class="af-header__content"
        role="banner"
      >
        <div
          class="af-header__name"
        >
          <a
            class="af-logo"
            href="/"
          >
            <img
              alt="Logo AXA"
              class="af-logo__brand"
              src="logo-axa.svg"
            />
          </a>
          <h2
            class="af-header__title"
          >
            ML-CLI
            <span
              class="af-header__subtitle"
            >
              Made by AXA
            </span>
          </h2>
        </div>
      </header>
    </div>
  </div>
  <div
    class="af-title-bar af-title-bar--backhome"
  >
    <div
      class="container-fluid container af-title-bar__wrapper"
    >
      <a
        class="btn af-btn--circle"
        href="/"
        title="Retour à l'accueil"
      >
        <i
          class="glyphicon glyphicon-home"
        />
      </a>
      <h1
        class="af-title-bar__title"
      >
        Fichier en cours de visualisation : dataSourceFile.json
      </h1>
    </div>
  </div>
  <div
    class="file-loader__container"
  >
    <div
      class="file-loader__input"
    >
      <div
        class="af-form__file-input"
      >
        <div
          class="drop-box hidden-mobile"
          id="dataset_loader"
          tabindex="0"
        >
          <input
            accept="application/json"
            autocomplete="off"
            multiple=""
            name="placeDatasetFile"
            style="display: none;"
            tabindex="-1"
            type="file"
          />
          <div>
            Glissez/déposez vos fichiers
          </div>
        </div>
        <button
          class="af-btn af-btn--file af-btn--hasiconLeft"
          type="button"
        >
          <i
            class="glyphicon glyphicon-open"
          />
           Parcourir
        </button>
      </div>
    </div>
    <div
      class="library__container"
    >
      <p
        class="library__title"
      >
        Fichiers de test
      </p>
      <div
        class="library__files-list"
      >
        <div
          class="library__file"
        >
          <a
            download="/api/files/value=C%3A%5C%5CimageLocation"
            href=""
          >
            imageLocation
          </a>
          <span
            class="glyphicon glyphicon-play library__custom-glyphicon-play"
          />
        </div>
      </div>
    </div>
  </div>
  <div
    class="table-result"
  >
    <div
      class="table-result__header"
    >
      <div>
        <p>
          Résultat fichier : {FileName}_pdf.json
        </p>
      </div>
    </div>
    <div
      class="images-editor-container"
    >
      <div
        class="images-editor-container__images_column"
      >
        <div
          class="images-list"
        >
          <div
            class="images-list__item"
          >
            <div
              class="images-list__image-container"
            >
              <img
                alt="file_image"
                class="images-list__file_image"
                src="api/files/value=C%3A%5C%5CimageLocation"
              />
            </div>
          </div>
        </div>
      </div>
      <div
        class="editor-container"
      >
        <div>
          This is a mocked Monaco Editor
        </div>
        <div
          class="editor-container__errors-container"
        >
          <div
            class="editor-container__error-message"
          >
            <span>
              Impossible de parser l'item {FileName}_pdf.json. Veuillez vous assurer que le contenu de ce fichier est au format JSON.
            </span>
          </div>
        </div>
        <div
          class="editor-container__button"
        >
          <button
            class="btn af-btn"
          >
            Sauvegarder
          </button>
        </div>
      </div>
    </div>
  </div>
  <div
    class="af-paging"
  >
    <div
      class="af-paging__limit"
    >
      <div
        class="af-paging__limit"
      >
        <form
          class="af-paging__form"
        >
          <div
            class="af-form__group"
          >
            <div
              class="col col-sm-2 col-md-2 col-lg-2 col-xl-2"
            >
              <label
                class="af-form__group-label"
                for="paging"
              >
                Afficher
              </label>
            </div>
            <div
              class="col col-sm-10 col-md-10 col-lg-10 col-xl-10"
            >
              <div
                class="af-form__select"
              >
                <div
                  class="af-form__select-container"
                >
                  <select
                    class="af-form__input-select"
                    id="paging"
                  >
                    <option
                      value="5"
                    >
                      5
                    </option>
                    <option
                      value="10"
                    >
                      10
                    </option>
                    <option
                      value="25"
                    >
                      25
                    </option>
                    <option
                      value="50"
                    >
                      50
                    </option>
                    <option
                      value="100"
                    >
                      100
                    </option>
                  </select>
                  <span
                    class="glyphicon glyphicon-menu-down"
                  />
                </div>
                <span
                  class="af-form__input-cmplt"
                >
                  éléments
                </span>
              </div>
            </div>
          </div>
        </form>
      </div>
    </div>
    <div
      class="af-paging__pager"
    >
      <nav
        class="af-pager"
      >
        <ul
          class="af-pager__pagination"
        >
          <li
            class="af-pager__item af-pager__item--disabled"
          >
            <span
              class="af-pager__item-nolink"
            >
              « Précédent
            </span>
          </li>
          <li
            class="af-pager__item af-pager__item--active"
          >
            <a
              class="af-pager__item-link"
              href="#"
            >
              <span>
                1
              </span>
            </a>
          </li>
          <li
            class="af-pager__item af-pager__item--disabled"
          >
            <span
              class="af-pager__item-nolink"
            >
              Suivant »
            </span>
          </li>
        </ul>
      </nav>
    </div>
  </div>
</DocumentFragment>
`;
