// Jest Snapshot v1, https://goo.gl/fbAQLP

exports[`Label Label render correctly 1`] = `
<DocumentFragment>
  <div
    class="ft-labels"
  >
    <h2>
      Labels
    </h2>
    <table
      class="af-table"
    >
      <thead
        class="af-table-thead"
      >
        <tr
          class="af-table__tr"
        >
          <th
            class="af-table__th"
          >
            Name
          </th>
          <th
            class="af-table__th"
          >
            Couleur
          </th>
        </tr>
      </thead>
      <tbody
        class="af-table__body"
      >
        <tr
          class="af-table__tr"
        >
          <td
            class="af-table__cell"
          >
            label
          </td>
          <td
            class="af-table__cell"
          >
            <div
              class="ft-labels__table-td-color"
            >
              <div
                class="af-popover__wrapper"
                role="button"
                tabindex="0"
              >
                <div
                  class="af-popover__container af-popover__container--color"
                >
                  <div
                    class="af-popover__container-over"
                    role="presentation"
                  >
                    <div
                      class="ft-labels__label-color"
                      style="background-color: red;"
                    />
                  </div>
                </div>
              </div>
            </div>
          </td>
        </tr>
      </tbody>
    </table>
  </div>
</DocumentFragment>
`;
