// Jest Snapshot v1, https://goo.gl/fbAQLP

exports[`Home.container HomeContainer render correctly 1`] = `
<DocumentFragment>
  <div
    class="af-title-bar af-title-bar--backhome"
  >
    <div
      class="container-fluid container af-title-bar__wrapper"
    >
      <a
        class="btn af-btn--circle"
        href="/"
        title="Home page"
      >
        <i
          class="glyphicon glyphicon-home"
        />
      </a>
      <h1
        class="af-title-bar__title"
      >
        Page datasets
      </h1>
      <small
        class="af-title-bar__subtitle"
      >
        un dataset représente un essemble de données
      </small>
    </div>
  </div>
  <div
    class="af-home container"
  >
    <a
      class="btn af-btn af-btn--quote"
      href="/datasets/new"
    >
      <span
        class="af-btn__text"
      >
        Nouveau dataset
      </span>
    </a>
    <h1
      class="af-title--content"
    >
      Vos datasets actifs : 1
    </h1>
    <div
      class="row row--datasets-filters"
    >
      <div
        class="col"
      >
        <div
          class="af-filter-inline"
        >
          <span
            class="af-filter-inline__title"
          >
            <span
              class="glyphicon glyphicon-filter"
            />
            <span
              class="af-filter-inline__title-text"
            >
              Filtrer par
            </span>
          </span>
          <div
            class="af-filter-inline__field"
          >
            <label
              class="af-form__group-label"
              for="inputtext1"
            >
              Nom du dataset
            </label>
            <div
              class="af-form__text"
            >
              <input
                class="af-form__input-text"
                id="inputtext1"
                name="inputtextname"
                type="text"
              />
            </div>
          </div>
        </div>
      </div>
    </div>
    <div
      class="af-loader"
      style="min-height: 94px; position: relative;"
    >
      <table
        class="af-table"
      >
        <thead
          class="af-table-thead"
        >
          <tr
            class="af-table__tr"
          >
            <th
              class="af-table__th"
            >
              <span
                class="af-table__th-content"
              >
                Verrouiller
              </span>
            </th>
            <th
              class="af-table__th"
            >
              <span
                class="af-table__th-content"
              >
                Nom
              </span>
            </th>
            <th
              class="af-table__th"
            >
              <span
                class="af-table__th-content"
              >
                Classification
              </span>
            </th>
            <th
              class="af-table__th"
            >
              <span
                class="af-table__th-content"
              >
                Nombre de fichiers
              </span>
            </th>
            <th
              class="af-table__th"
            >
              <span
                class="af-table__th-content"
              >
                Type
              </span>
            </th>
            <th
              class="af-table__th"
            >
              <span
                class="af-table__th-content"
              >
                Date création
              </span>
            </th>
            <th
              class="af-table__th"
            >
              <span
                class="af-table__th-content"
              >
                Action
              </span>
            </th>
          </tr>
        </thead>
        <tbody
          class="af-table__body"
        >
          <tr
            class="af-table__tr"
          >
            <td
              class="af-table__cell"
            >
              <a
                class="btn af-btn--circle"
                href="#"
                id="lock"
                role="button"
                tabindex="0"
                title="dévérouillée"
              >
                <i
                  class="glyphicon glyphicon-unlock"
                />
              </a>
            </td>
            <td
              class="af-table__cell"
            >
              Carte verte
            </td>
            <td
              class="af-table__cell"
            >
              Publique
            </td>
            <td
              class="af-table__cell"
            >
              300
            </td>
            <td
              class="af-table__cell"
            >
              Image
            </td>
            <td
              class="af-table__cell"
            >
              02/01/0001
            </td>
            <td
              class="af-table__cell"
            >
              <a
                class="btn af-btn--circle"
                href="#"
                id="id"
                role="button"
                tabindex="0"
                title="Editer"
              >
                <i
                  class="glyphicon glyphicon-edit"
                />
              </a>
            </td>
          </tr>
        </tbody>
      </table>
      <div
        class="af-paging"
      >
        <div
          class="af-paging__limit"
        >
          <div
            class="af-paging__limit"
          >
            <form
              class="af-paging__form"
            >
              <div
                class="af-form__group"
              >
                <div
                  class="col col-sm-2 col-md-2 col-lg-2 col-xl-2"
                >
                  <label
                    class="af-form__group-label"
                    for="home_paging"
                  >
                    Afficher
                  </label>
                </div>
                <div
                  class="col col-sm-10 col-md-10 col-lg-10 col-xl-10"
                >
                  <div
                    class="af-form__select"
                  >
                    <div
                      class="af-form__select-container"
                    >
                      <select
                        class="af-form__input-select"
                        id="home_paging"
                      >
                        <option
                          value="5"
                        >
                          5
                        </option>
                        <option
                          value="10"
                        >
                          10
                        </option>
                        <option
                          value="25"
                        >
                          25
                        </option>
                        <option
                          value="50"
                        >
                          50
                        </option>
                        <option
                          value="100"
                        >
                          100
                        </option>
                      </select>
                      <span
                        class="glyphicon glyphicon-menu-down"
                      />
                    </div>
                    <span
                      class="af-form__input-cmplt"
                    >
                      éléments
                    </span>
                  </div>
                </div>
              </div>
            </form>
          </div>
        </div>
        <div
          class="af-paging__pager"
        >
          <nav
            class="af-pager"
          >
            <ul
              class="af-pager__pagination"
            >
              <li
                class="af-pager__item af-pager__item--disabled"
              >
                <span
                  class="af-pager__item-nolink"
                >
                  « Précédent
                </span>
              </li>
              <li
                class="af-pager__item af-pager__item--active"
              >
                <a
                  class="af-pager__item-link"
                  href="#"
                >
                  <span>
                    1
                  </span>
                </a>
              </li>
              <li
                class="af-pager__item af-pager__item--disabled"
              >
                <span
                  class="af-pager__item-nolink"
                >
                  Suivant »
                </span>
              </li>
            </ul>
          </nav>
        </div>
      </div>
    </div>
  </div>
</DocumentFragment>
`;
