// Jest Snapshot v1, https://goo.gl/fbAQLP

exports[`Telemetry .AppInsightsProvider() should render AppInsightsProvider 1`] = `
<div>
  <div />
</div>
`;
